=<div style="text-align:center;font-size:30px;">Comet Lake Desktop OpenCore 0.6.8 健全性检查结果</div><br/>
# Generic config suitable for initial installation
# OpenCore v0.6.8 Intel Comet Lake Sanity Check
=参考文章:<a href="https://dortania.github.io/OpenCore-Desktop-Guide/config.plist/comet-lake.html">https://dortania.github.io/OpenCore-Desktop-Guide/config.plist/comet-lake.html</a>
=<hr noshade=\"noshade\" />
# [kernel]:https://dortania.github.io/OpenCore-Install-Guide/config.plist/comet-lake#kernel
# [acpi]:https://dortania.github.io/OpenCore-Install-Guide/config.plist/comet-lake#acpi
# [kexts]:https://dortania.github.io/OpenCore-Install-Guide/ktext.html#kexts
# [debug]:https://dortania.github.io/OpenCore-Install-Guide/troubleshooting/debug.html
# [scanpolicy]:https://dortania.github.io/OpenCore-Post-Install/universal/security.html#scanpolicy
# [platforminfo]:https://dortania.github.io/OpenCore-Install-Guide/config.plist/comet-lake#platforminfo
# [deviceproperties]:https://dortania.github.io/OpenCore-Install-Guide/config.plist/comet-lake##deviceproperties

ACPI
:Add
 count==0 "-您没有SSDT补丁。请查看<a href=https://desktop.dortania.ml/config.plist/kaby-lake.html#acpi>[Acpi Docs]</a>"
 [Path]==DSDT.aml "-<b>{$Path}</b> -->您不应该包括转储的DSDT。请查看<a href=https://desktop.dortania.ml/config.plist/comet-lake.html#acpi>[ACPI文档]</a>."
 [Path]==SSDT-1.aml "-<b>{$Path}</b> -->这只是SSDT的一个例子。如果你真的是自己做的, 称它为更具描述性的东西"
 [Path]~=".dsl$" "!<b>{$Path}</b> -->在此处只能是.aml文件。 dsl文件需要编译为.aml"
 [Enabled]==no "-<b>{$Path}</b> -->状态是<b>已禁用</b>. 启用或删除它可以去除此警告"
 [Path]!=SSDT-PLUG.aml "--->缺少<font color=red><b>SSDT-PLUG.aml</b></font>. 请查看<a href=https://desktop.dortania.ml/config.plist/comet-lake.html#acpi>[Acpi Docs]</a>"
 [Path]==SSDT-EC-USBX-DESKTOP.aml&SSDT-EC.aml"-->-<b>{$Path}/b>不要同时使用 <b>SSDT-EC-USBX-DESKTOP</b>和<b>SSDT-EC</b>"
 [Path]~=-EC.+aml :"%您可能需要类似SSDT-EC.aml或SSDT-EC-USBX-DESKTOP.aml的文件.请查看<a href=https://desktop.dortania.ml/config.plist/comet-lake.html#acpi>[ACPI文档]</a>"
 [Path]!=SSDT-AWAC.aml "-<font color=red><b>SSDT-AWAC.aml<b></font> --->缺少. 如果你需要它，请查看 <a href=https://dortania.github.io/OpenCore-Desktop-Guide/config.plist/comet-lake.html#acpi>[Acpi Docs]</a>"
 [Path]!=SSDT-PMC.aml "-<font color=red><b>SSDT-PMC.aml<b></font> --->缺少. 如果你需要它，请查看 <a href=https://dortania.github.io/OpenCore-Desktop-Guide/config.plist/comet-lake.html#acpi>[Acpi Docs]</a>"
 [Path]!=SSDT-RHUB.aml "-<font color=red><b>SSDT-RHUB.aml<b></font> --->缺少. 需要修复华硕和可能的MSI板上的根设备错误。技嘉和华擎主板并不需要这个SSDT，请查看 <a href=https://dortania.github.io/OpenCore-Desktop-Guide/config.plist/comet-lake.html#acpi>[Acpi Docs]</a>"
 [Path]==* " <b>{$Path}</b> -->确保此文件在您的<b>OC/ACPI</b>目录中"
 [Path]==SSDT-OLA.aml "-<b>{$Path}</b> -->不要使用在粗略网站上找到的随机文件，这些文件会注入很可能阻止启动的随机数据。 请查看<a href=https://dortania.github.io/OpenCore-Install-Guide/config.plist/comet-lake.html#acpi>[Acpi Docs]</a>"
 [Path]==SSDT-SSDT-OLARILA.aml "-<b>{$Path}</b> -->不要使用在粗略网站上找到的随机文件，这些文件会注入很可能阻止启动的随机数据。 请查看<a href=https://dortania.github.io/OpenCore-Install-Guide/config.plist/comet-lake.html#acpi>[Acpi Docs]</a>"

:Quirks
 count==5
 FadtEnableReset~=.* " <b>{$setting}</b> = <b>{$value}</b>"
 NormalizeHeaders=no
 RebaseRegions=no
 ResetHwSig=no
 ResetLogoStatus=no

Booter

:Quirks
 AllowRelocationBlock=no
 AvoidRuntimeDefrag=yes
 DevirtualiseMmio=yes
 DisableSingleUser=no
 DisableVariableWrite=no
 DiscardHibernateMap=no
 EnableSafeModeSlide=yes
 EnableWriteUnprotector=no
 ForceExitBootServices=no
 ProtectCsmRegion~=.* "!<b>{$setting}</b> -->从OpenCore v0.5.7开始已弃用 - 请参阅<b>ProtectMemoryRegions</b>"
 ProtectMemoryRegions=no
 ProtectSecureBoot=no
 ProtectUefiServices=yes
 ProvideCustomSlide=yes
 ProvideMaxSlide=0
 RebuildAppleMemoryMap=yes
 SetupVirtualMap=no
 ShrinkMemoryMap~=.* "!<b>{$setting}</b> -->从OpenCore v0.5.7开始已弃用 - 请参阅<b>RebuildAppleMemoryMap</b>"
 SignalAppleOS=no
 SyncRuntimePermissions=yes
 ForceBooterSignature=no
 
DeviceProperties

:Add
::PciRoot(0x0)/Pci(0x2,0x0)
 AAPL,ig-platform-id~="07009b3e|0300c89b" " <b>{$setting}</b> = <b>{$value}</b> -->iGPU设置正确":"-<b>{$setting}</b> = <b>{$value}</b> - -->iGPU可能设置不正确. 请阅读 <a href=https://dortania.github.io/OpenCore-Desktop-Guide/config.plist/comet-lake.html##deviceproperties>[DeviceProperties Docs]</a>"

::PciRoot(0x0)/Pci(0x1b,0x0)
 AAPL,ig-platform-id~=.* "!<b>{$setting}</b> 是错误位置, iGPU位置是 PciRoot(0x0)/Pci(0x2,0x0)"

Kernel

:Add
 count==0 "!-->您没有Kexts. 您至少得需要Lilu.kext和VirtualSMC.kext. 请查看<a href=https://desktop.dortania.ml/ktext.html#kexts>[Kexts文档]</a>"
 [BundlePath]==Lilu.kext " <b>Lilu.kext</b>-->确保此Kext在您的 <b>OC/Kexts</b> 目录,这是需要放在第一个的kext":"!-->缺少<b>Lilu.kext</b>. 将其添加到此列表的顶部"
 [BundlePath]==FakeSMC.kext&VirtualSMC.kext "---><b>{$BundlePath}<b> 不要同时使用 <b>FakeSMC.kext<b> 和 <b>VirtualSMC.kext<b>"
 [BundlePath]!=FakeSMC.kext|VirtualSMC.kext "--->你应该在此处添加 <b>FakeSMC.kext</b> 或 <b>VirtualSMC.kext</b>"
 [BundlePath]==VoodooHDA.kext&AppleALC.kext "---><b>{$BundlePath}</b> 不要同时使用 <b>VoodooHDA.kext</b> 和 <b>AppleALC.kext</b>"
 [BundlePath]==AppleALC.kext "$alcbootarg='<b>{$setting}</b> = <b>{$value}</b> --->您需要添加 <b>alcid=</b>N 因为您使用的是AppleALC.kext';":"$alcbootarg=;"
 [BundlePath]!=WhateverGreen.kext "--->缺少<font color=red><b>WhateverGreen.kext</b></font>. 请查看<a href=https://desktop.dortania.ml/ktext.html#kexts>[Kexts Docs]</a>"
 [BundlePath]==XLNCUSBFIX.kext "!--><b>XLNCUSBFIX.kext</b> 这是AMD专用的kext，请勿在Intel上使用"
 [BundlePath]==SmallTree-Intel-211-AT-PCIe-GBE.kext "-->-<b>{$BundlePath}</b> 虽然这可能有效, 但<b>SmallTreeIntel82576.kext</b> 被认为更可靠"
 [BundlePath]==SMCLightSensor.kext     "!<b>{$BundlePath}</b> -->这个VirtualSMC笔记本电脑插件在台式机上不起作用"
 [BundlePath]==SMCBatteryManager.kext  "!<b>{$BundlePath}</b> -->这个VirtualSMC笔记本电脑插件在台式机上不起作用"
 [BundlePath]==XHCI-unsupported.kext  "<b>{$BundlePath}</b> -->你可能不需要这个"
 [BundlePath]==FakePCIID.kext "<b>{$BundlePath}</b> -->有更好的伪造设备ID的方法"
 [BundlePath]==FakePCIID_Intel_HDMI_Audio.kext -<b>{$BundlePath}</b> "-->有更好的伪造设备ID的方法"
 [BundlePath]==* "<b>{$BundlePath}</b> -->确保此Kext位于您的 <b>OC/Kexts</b> 目录"

:Emulate
 DummyPowerManagement=no

:Quirks
 AppleCpuPmCfgLock=no
 AppleXcpmCfgLock=yes " <b>{$setting}</b> = <b>{$value}</b> -->您应该在BIOS中禁用CFG-Lock，而不要使用此功能":" <b>{$setting}</b> = <b>{$value}</b> -->确保在您的BIOS中禁用了CFG-Lock"
 AppleXcpmExtraMsrs=no
 AppleXcpmForceBoost=no
 CustomSMBIOSGuid=no" <b>{$setting}</b> = <b>{$value}</b> -->如果您有Dell或VIAO主板，请启用此功能"
 DisableIoMapper=yes
 DisableRtcChecksum~=.* " <b>{$setting}</b> = <b>{$value}</b>"
 DummyPowerManagement~=.* "!<b>{$setting}</b> -->已在OpenCore v0.6.6中移动 - 参看<a href=https://dortania.github.io/OpenCore-Desktop-Guide/config.plist/comet-lake.html#kernel>Kernel -> Emulate</a>"
 ExtendBTFeatureFlags~=.* " <b>{$setting}</b> = <b>{$value}</b>"
 LegacyCommpage=no
 ExternalDiskIcons~=.* " <b>{$setting}</b> = <b>{$value}</b>"
 ForceSecureBootScheme=no
 IncreasePciBarSize=no
 LapicKernelPanic=no " <b>{$setting}</b> = <b>{$value}</b> -->如果您有惠普笔记本电脑，请启用此功能":" <b>{$setting}</b> = <b>{$value}</b> -->仅当您拥有HP笔记本电脑时才需要"
 PanicNoKextDump=yes
 PowerTimeoutKernelPanic=yes
 SetApfsTrimTimeout=-1
 ThirdPartyDrives=no
 XhciPortLimit=yes " <b>{$setting}</b> = <b>{$value}</b> -->USB端口定制后关闭":" <b>{$setting}</b> = <b>{$value}</b> -->如果您有USB问题，请启用"

Misc
:Boot
 BuiltinTextRenderer~=.* "!<b>{$setting}</b> -->从OpenCore v0.5.6开始已弃用 - 参见UEFI/TextRenderer"
 ConsoleBehaviourOs~=.* "!<b>{$setting}</b> -->从OpenCore v0.5.6开始已弃用"
 ConsoleBehaviourUi~="" "!<b>{$setting}</b> -->从OpenCore v0.5.6开始已弃用"
 ConsoleMode~=.* "!<b>{$setting}</b> -->从OpenCore v0.5.6开始已移至UEFI/Output部分"
 Resolution~=.* "!<b>{$setting}</b> -->从OpenCore v0.5.6开始已移至UEFI/Output部分"
 ConsoleAttributes~=.* " <b>{$setting}</b> = <b>{$value}</b>"
 HideSelf~=.* "!<b>{$setting}</b> -->从OpenCore v0.5.9开始已弃用"
 PollAppleHotKeys=no
 ShowPicker=yes
 UsePicker~=.* "!<b>{$setting}</b> -->从OpenCore v0.5.6开始已弃用"
 TakeoffDelay=0
 HibernateMode=None
 LauncherOption~="Disabled|Full|Short" " <b>{$setting}</b> = <b>{$value}</b> -->LauncherOption设置正确":"-<b>{$setting}</b> = <b>{$value}</b> - 无效的LauncherOption. 请查阅 <a href=https://dortania.github.io/OpenCore-Post-Install/multiboot/bootstrap.html>[Misc -> Boot Docs]</a>"
 LauncherPath=Default
 PickerMode=Builtin
 HideAuxiliary=no
 PickerAttributes~=.* " <b>{$setting}</b> = <b>{$value}</b>"
 PickerAudioAssist=no
 Timeout=5
 PickerVariant~=.* " <b>{$setting}</b> = <b>{$value}</b>"

:Debug
 AppleDebug=yes
 ApplePanic=yes
 DisableWatchDog=yes :" <b>{$setting}</b> -->启用此功能将有助于调试"
 Target=67 :" <b>{$setting}</b> -->有关调试目标编号的更多信息，请参见<a href=https://desktop.dortania.ml/troubleshooting/debug.html>[Debugging Docs]</a>"
 DisplayLevel=2147483714 :" <b>{$setting}</b> -->有关更多信息，请参见<a href=https://desktop.dortania.ml/troubleshooting/debug.html>[Debugging Docs]</a>调试显示级别"
 DisplayDelay=0
 SysReport=no : " -->只有在使用OpenCore 0.6.0 Debug版时才可以使用<b>{$setting}</b>=yes"

:Entries
 [Arguments]~=debug "!<b>Arguments</b> = <b>{$Arguments}</b> -->boot-args进入nvram部分，而不是这里"

:Security
 AllowNvramReset=yes
 AllowSetDefault=yes
 ApECID=0
 AuthRestart=no
 BlacklistAppleUpdate~=.* "!<b>{$setting}</b> -->在OpenCore v0.6.0里开始已弃用，可以使用NVRAM参数里添加"
 BootProtect~=.* "!<b>{$setting}</b> 在OpenCore v0.6.6中已弃用 - 请查阅 <b>LauncherOption</b>"
 DmgLoading~=.* " <b>{$setting}</b> = <b>{$value}<b>"
 EnablePassword=no
 RequireSignature~=.* "!<b>{$setting}</b> -->从OpenCore v0.5.6开始已弃用 - 请参看 <b>Vault</b>"
 RequireVault~=.* "!<b>{$setting}</b> -->从OpenCore v0.5.6开始已弃用 - 请参看 <b>Vault</b>"
 Vault=Optional
 SecureBootModel~="Default|Disabled|j137|j680|j132|j174|j140k|j780|j213|j140a|j152f|j160|j230k|j214k|j223|j215|j185|j185f|x86legacy" " <b>{$setting}</b> = <b>{$value}</b> SecureBootModel设置正确":"!<b>{$setting}</b> = <b>{$value}</b> - 这是SecureBootModel的无效选项!"
 HaltLevel=2147483648
 ExposeSensitiveData=6 :" <b>{$setting}</b> = <b>{$value}</b>"
 ScanPolicy=0 :"-<b>{$setting}</b> = <b>{$value}</b>. -->初始配置时候这里可以为0，但是配置完成后，请在OCC里自定义显示哪些启动盘"

:Tools
 count==0 " -->您好像没有一些EFI工具程序":"%-->您可以在此处删除EFI工具程序"

NVRAM
 LegacyEnable=no
 LegacyOverwrite=no
 WriteFlash=yes

:Add
::4D1EDE05-38C7-4A6A-9CC6-4BCCA8B38C14
 UIScale~=(01|02) " <b>{$setting}</b> = <b>{$value}</b>":" <b>{$setting}</b> = <b>{$value}</b> -->但这通常设置为 <b>01</b> 或 <b>02</b>"
 DefaultBackgroundColor~=.* " <b>{$setting}</b> = <b>{$value}</b>"

::7C436110-AB2A-4BBB-A880-FE41995C9F82
 boot-args~="ncpi=" "!<b>{$setting}</b> = <b>{$value}</b> -->我想你的意思是 <b>npci=</b> 而不是 <b>ncpi=</b>":""
 boot-args~="^(?:(?!alcid).)*$" "{$alcbootarg}":""
 boot-args="-v keepsyms=1" " <b>{$setting}</b> = <b>{$value}</b> -->如果您有navi10 GPU，请添加 <b>agdpmod=pikera</b>":" <b>{$setting}</b> = <b>{$value}</b>"
 run-efi-updater="No"
 csr-active-config~=.* " <b>{$setting}</b> = <b>{$value}</b>"
 nvda_drv~=.* "!<b>{$setting}</b> = <b>{$value}</b> Remove this setting completely. It is no longer used as of OpenCore v0.5.7"
 prev-lang:kbd=72752d52553a323532 "-<b>{$setting}</b> = <b>{$value} ({@value})</b>. Unless you speak Russian, remove this entry or fill it in with your language":" <b>{$setting}</b> = <b>{$value} ({@value})</b>"
 SystemAudioVolume~="^\d+$" " <b>{$setting}</b> = <b>{$value}</b>":"!<b>{$setting}</b> = <b>{$value}</b> this should be a positive number"

PlatformInfo
 Automatic=yes
 UpdateDataHub=yes
 UpdateNVRAM=yes
 UpdateSMBIOS=yes
 UpdateSMBIOSMode=Create" <b>{$setting}</b> = <b>{$value}</b> 如果您有Dell或VIAO主板，请将其设置为 <b>Custom</b>

:Generic
 SpoofVendor=yes
 AdviseWindows=no
 ProcessorType~=.* " <b>{$setting}</b> = <b>{$value}</b>"
 SystemMemoryStatus=Auto
 MaxBIOSVersion=no
 SupportsCsm~=.* "!<b>{$setting}</b> -->从OpenCore v0.5.5开始被<b>AdviseWindows</b>取代"
 SystemProductName~="(iMac19,1|iMac18,3)" " <b>{$setting}</b> = <b>{$value}</b>":"-<b>{$setting}</b> = <b>{$value}</b> -->对于Comet Lake台式机系统，这不是建议的SMBIOS. 请参看 <a href=https://dortania.github.io/OpenCore-Desktop-Guide/config.plist/comet-lake.html#platforminfo>[PlatformInfo Docs]</a>"
 MLB=M000000000001 "!<b>{$setting}</b> -->应该设置为您生成的板卡序列号. 请参看 <a href=https://dortania.github.io/OpenCore-Desktop-Guide/config.plist/comet-lake.html#platforminfo>[PlatformInfo Docs]</a>":" <b>{$setting}</b> -->已设置"
 ROM=112233000000 "-<b>{$setting}</b> = <b>{$value}</b> -->您应该将此设置为您的NIC MAC地址. 请参看 <a href=https://dortania.github.io/OpenCore-Desktop-Guide/config.plist/comet-lake.html#platforminfo>[PlatformInfo Docs]</a>":" <b>{$setting}</b> -->已设置"
 SystemSerialNumber=W0000000001 "!<b>{$setting}</b> -->应该设置为您生成的系统序列号. 请参看<a href=https://dortania.github.io/OpenCore-Desktop-Guide/config.plist/comet-lake.html#platforminfo>[PlatformInfo Docs]</a>":" <b>{$setting}</b> -->已设置"
 SystemUUID=00000000-0000-0000-0000-000000000000 "!<b>{$setting}</b> -->应该设置为您生成的SmUUID. 请参看 <a href=https://dortania.github.io/OpenCore-Desktop-Guide/config.plist/comet-lake.html#platforminfo>[PlatformInfo Docs]</a>":" <b>{$setting}</b> -->已设置"

UEFI
 ConnectDrivers=yes
 Drivers==VBoxHfs.efi|HFSPlus.efi|HfsPlus.efi "$hfs={$value}; <b>{$value}</b>":"!-->这里需要 <b>VBoxHfs.efi</b> 或 <b>HFSPlus.efi</b> here"
 Drivers==VBoxHfs.efi|HFSPlus.efi|HfsPlus.efi "!<b>{$value}</b> -->你已经有了 <b>{$hfs}</b>"
 Drivers==OpenRuntime.efi " <b>{$value}</b>":"!-->缺少<font color=red><b>OpenRuntime.efi</b></font>"
 Drivers==FwRuntimeServices.efi "!<b>{$value}</b> -->从OpenCore v0.5.7开始已由OpenRuntime.efi取代"
 Drivers==ApfsDriverLoader.efi "!<b>ApfsDriverLoader.efi</b> -->自OpenCore v0.5.8起，已合并在UEFI/APFS部分"
 Drivers==OpenCore.efi "!<b>OpenCore.efi</b> -->不应该在这里!"
 Drivers==AppleUsbKbdxe.efi "!<b>AppleUsbKbdxe.efi</b> -->不应该在这里!"
 Drivers==NvmExpressDxe.efi "!<b>NvmExpressDxe.efi</b> -->不应该在这里!"
 Drivers==OpenUsbKbDxe.efi "-<b>{$value}</b> -->除非您执行旧版安装，否则不需要"
 Drivers==Ps2KeyboardDxe.efi "-<b>{$value}</b> -->除非您使用PS2键盘，否则不应在此处!"
 Drivers==Ps2MouseDxe.efi "-<b>{$value}</b> -->除非您使用带有OpenCanopy的PS2鼠标/触控板，否则请不要在此处!"
 Drivers==UsbMouseDxe.efi "-<b>{$value}</b> -->除非您将USB鼠标/触控板与OpenCanopy配合使用，否则不应在此处使用!"
 Drivers==XhciDxe.efi "!<b>XhciDxe.efi</b> -->不应该在这里!"
 Drivers==HiiDatabase.efi "!<b>{$value}</b> -->不应该在这里!"
 Drivers==AppleUsbKbDxe.efi "-<b>{$value}</b> -->从OpenCore v0.5.7开始已由OpenUsbKbDxe.efi取代"
 Drivers==VirtualSmc.efi "!<b>VirtualSmc.efi</b> -->已被合并在OpenCore的<b>AppleSmcIo</b> quirks下 !"
 Drivers==~^#.* "!<b>{$value}</b> -->如果您要加载此文件，请完全删除<b>#</b>"
 Drivers==* " <b>{$value}</b>"

:APFS
 EnableJumpstart=yes
 HideVerbose=yes
 JumpstartHotPlug=no
 MinDate=0
 MinVersion=0
 GlobalConnect~=.* "<b>{$setting}</b> = <b>{$value}</b>":"!-->缺少<b><font colore=red>GlobalConnect</font></b>选项"
 
:AppleInput
 AppleEvent~=.* " <b>{$setting}</b> = <b>{$value}</b>"
 CustomDelays~=.* " <b>{$setting}</b> = <b>{$value}</b>"
 KeyInitalDelay~=.* " <b>{$setting}</b> = <b>{$value}</b>"
 KeySubsequentDelay~=.* " <b>{$setting}</b> = <b>{$value}</b>"
 PointerSpeedDiv~=.* " <b>{$setting}</b> = <b>{$value}</b>"
 PointerSpeedMul~=.* " <b>{$setting}</b> = <b>{$value}</b>"

:Audio
 AudioSupport~=.* " <b>{$setting}</b> = <b>{$value}</b>"
 AudioDevice~=.* " <b>{$setting}</b> = <b>{$value}</b>"
 AudioCodec~=.* " <b>{$setting}</b> = <b>{$value}</b>"
 AudioOut~=.* " <b>{$setting}</b> = <b>{$value}</b>"
 MinimumVolume~=.* " <b>{$setting}</b> = <b>{$value}</b>"
 PlayChime~=.* " <b>{$setting}</b> = <b>{$value}</b>"
 VolumeAmplifier~=.* " <b>{$setting}</b> = <b>{$value}</b>"
 SetupDelay~=.* " <b>{$setting}</b> = <b>{$value}</b>"
 ResetTrafficClass~=.* " <b>{$setting}</b> = <b>{$value}</b>"


:Input
 KeyFiltering=no
 KeyForgetThreshold=5
 KeyMergeThreshold~=.* "!<b>{$setting}</b> --> 在OpenCore v0.6.8中已弃用"
 KeySupport=yes
 KeySupportMode=Auto
 KeySwap=no
 PointerSupport=no
 PointerSupportMode=~=.* " <b>{$setting}</b> = <b>{$value}</b>"
 TimerResolution=50000
 KeyInitalDelay~=.* "!<b>{$setting}</b> --> 在OpenCore v0.6.8中已移动到AppleInput中"
 KeySubsequentDelay~=.* "!<b>{$setting}</b> --> 在OpenCore v0.6.8中已移动到AppleInput中"
 
:ProtocolOverrides
 count==17 :"!-->在OpenCore 0.6.8里，您应该在UEFI/ProtocolOverrides部分中正确设置17个选项"
 AppleAudio=no
 AppleBootPolicy=no
 AppleDebugLog=no
 AppleEvent~=.* "!<b>{$setting}</b> --> 在OpenCore v0.6.8中已移动到AppleInput中"
 AppleFramebufferInfo=no
 AppleImageConversion=no
 AppleImg4Verification=no
 AppleKeyMap=no
 AppleRtcRam=no
 AppleSecureBoot=no
 AppleSmcIo=no
 AppleUserInterfaceTheme=no
 DataHub=no
 DeviceProperties=no
 FirmwareVolume=no " <b>{$setting}</b> = <b>{$value}</b> 如果您打算使用FileVault2，请启用此功能":" <b>{$setting}</b> = <b>{$value}</b> 仅当您计划使用FileVault时才需要"
 HashServices=no " <b>{$setting}</b> = <b>{$value}</b> 如果您打算使用FileVault2，请启用此功能":" <b>{$setting}</b> = <b>{$value}</b> 仅当您计划使用FileVault时才需要"
 OSInfo=no
 UnicodeCollation=no
 ConsoleControl~=.* "!<b>{$setting}</b> 在OpenCore v0.5.6中已弃用-请参见 UEFI/TextRenderer"

:Output
 count==13 :"!-->在OpenCore 0.6.8里，您应该在<b>UEFI/OUTPUT</b>部分中设置13个设置"
 TextRenderer=BuiltinGraphics
 ConsoleMode=""
 Resolution~=.* " <b>{$setting}</b> = <b>{$value}</b>"
 ForceResolution=no
 GopPassThrough=no
 ClearScreenOnModeSwitch=no
 IgnoreTextInGraphics=no
 ProvideConsoleGop=yes
 DirectGopRendering=no
 DirectGopCacheMode~=.* "!<b>{$setting}</b> -->从OpenCore v0.5.9开始已弃用"
 ReconnectOnResChange=no
 ReplaceTabWithSpace=no
 SanitiseClearScreen~=.* " <b>{$setting}</b> = <b>{$value}</b>"
 Scale~=.* "!<b>{$setting}</b> -->不应该在这里"
 UgaPassThrough~=.* "<b>{$setting}</b> = <b>{$value}</b>":"!-->缺少<b><font colore=red>UgaPassThrough</font></b>选项"

:Quirks
 AvoidHighAlloc~=.* "!<b>{$setting}</b> -->从OpenCore v0.5.6开始已弃用"
 DeduplicateBootOrder~=.* "!<b>{$setting}</b> --> 在OpenCore v0.6.6中已弃用"
 DisableSecurityPolicy=no
 ActivateHpetSupport=no
 ExitBootServicesDelay=0
 IgnoreInvalidFlexRatio=no
 ReconnectOnResChange~=.* "!<b>{$setting}</b> -->从OpenCore v0.5.6开始已弃用 - 请参看 Output/${setting}"
 IgnoreTextInGraphics~=.* "!<b>{$setting}</b> -->从OpenCore v0.5.6开始已弃用 - 请参看 Output/${setting}"
 ProvideConsoleGop~=.* "!<b>{$setting}</b> -->从OpenCore v0.5.6开始已弃用 - 请参看 Output/${setting}"
 ReleaseUsbOwnership=no
 RequestBootVarFallback~=.* "!<b>{$setting}</b> -->从OpenCore v0.5.9开始已弃用"
 RequestBootVarRouting=yes
 TscSyncTimeout=0
 ReplaceTabWithSpace~=.* "!<b>{$setting}</b> -->从OpenCore v0.5.6开始已弃用 - 请参看 Output/${setting}"
 SanitiseClearScreen~=.* "!<b>{$setting}</b> -->从OpenCore v0.5.6开始已弃用 - 请参看 Output/${setting}"
 ClearScreenOnModeSwitch~=.* "!<b>{$setting}</b> -->从OpenCore v0.5.6开始已弃用 - 请参看 Output/${setting}"
 UnblockFsConnect=no

:ReservedMemory
